// Jest Snapshot v1, https://goo.gl/fbAQLP

exports[`auth error-response snapshots 400 validation error shape 1`] = `
{
  "error": {
    "code": "validation_error",
    "details": [
      {
        "code": "invalid_type",
        "message": "Required",
        "path": [
          "body",
          "email",
        ],
      },
    ],
    "message": "Request validation failed",
    "requestId": "req-auth-001",
  },
}
`;

exports[`auth error-response snapshots 401 unauthorized error shape 1`] = `
{
  "error": {
    "code": "unauthorized",
    "message": "Invalid credentials",
    "requestId": "req-auth-002",
  },
}
`;

exports[`auth error-response snapshots 404 not-found error shape 1`] = `
{
  "error": {
    "code": "not_found",
    "message": "Auth resource not found",
    "requestId": "req-auth-003",
  },
}
`;

exports[`auth error-response snapshots 409 conflict error shape 1`] = `
{
  "error": {
    "code": "conflict",
    "message": "An account with that email already exists",
    "requestId": "req-auth-004",
  },
}
`;

exports[`auth error-response snapshots 500 internal-server-error shape 1`] = `
{
  "error": {
    "code": "internal_error",
    "message": "An unexpected error occurred",
    "requestId": "req-auth-005",
  },
}
`;
